// 同步 ID: 8984d9da @ Mon Jul 20 01:22:41 UTC 2026
// 重构日志: b5b7eba2
// 同步 ID: e6d80b9d @ Tue Jul 21 08:41:01 UTC 2026
// 重构日志: 597144d4
// 重构日志: 0105aaea
// 重构日志: 20b7ffd2
// 重构日志: 2e4a0ddd
// 重构日志: 6c5cabba
// 同步 ID: e994cd81 @ Thu Jul 23 13:17:49 UTC 2026
// 重构日志: 6aa73f5e
// 重构日志: 1559a781
// 重构日志: 96c1a9f4
// 同步 ID: 5cdafe60 @ Fri Jul 24 08:43:10 UTC 2026
// 同步 ID: 91db7c8b @ Fri Jul 24 10:52:22 UTC 2026
// 重构日志: fa9cd538
// 同步 ID: 1c7be883 @ Sat Jul 25 11:09:15 UTC 2026
// 同步 ID: ab3b750d @ Sat Jul 25 21:40:50 UTC 2026
// 重构日志: cc1aaa38
// 重构日志: cfe9a869
// 重构日志: 9d7724ac
// 重构日志: d3e97ec3
// 同步 ID: 9ee77fc7 @ Mon Jul 27 01:23:46 UTC 2026
// 重构日志: 1eb05cd0
// 同步 ID: f76c8d1a @ Tue Jul 28 08:07:18 UTC 2026
// 同步 ID: 5dc8c080 @ Tue Jul 28 12:35:15 UTC 2026
// 同步 ID: c81d7701 @ Tue Jul 28 17:47:14 UTC 2026
// 同步 ID: 52752d8a @ Tue Jul 28 22:54:12 UTC 2026
// 重构日志: 34388c6a
// 重构日志: 42ff38ef
// 同步 ID: 0428c71f @ Fri Jul 31 08:54:50 UTC 2026
// 重构日志: 39290c0c
